[0.000000] (-) TimerEvent: {}
[0.000604] (lab1_pkg) JobQueued: {'identifier': 'lab1_pkg', 'dependencies': OrderedDict()}
[0.001088] (lab1_pkg) JobStarted: {'identifier': 'lab1_pkg'}
[0.098976] (-) TimerEvent: {}
[0.119061] (lab1_pkg) JobProgress: {'identifier': 'lab1_pkg', 'progress': 'cmake'}
[0.121483] (lab1_pkg) Command: {'cmd': ['/usr/bin/cmake', '/lab1_ws/src/lab1_pkg', '-DCMAKE_INSTALL_PREFIX=/lab1_ws/src/install/lab1_pkg'], 'cwd': '/lab1_ws/src/build/lab1_pkg', 'env': OrderedDict([('HOSTNAME', 'c8d9cff17ada'), ('SHLVL', '1'), ('LD_LIBRARY_PATH', '/opt/ros/humble/lib/x86_64-linux-gnu:/opt/ros/humble/lib'), ('HOME', '/root'), ('OLDPWD', '/lab1_ws/src/lab1_pkg'), ('ROS_PYTHON_VERSION', '3'), ('COLCON_PREFIX_PATH', '/lab1_ws/install'), ('ROS_DISTRO', 'humble'), ('_', '/usr/bin/colcon'), ('ROS_VERSION', '2'), ('TERM', 'xterm'), ('ROS_LOCALHOST_ONLY', '0'), ('PATH', '/opt/ros/humble/bin:/usr/local/sbin:/usr/local/bin:/usr/sbin:/usr/bin:/sbin:/bin'), ('LANG', 'C.UTF-8'), ('LS_COLORS', 'rs=0:di=01;34:ln=01;36:mh=00:pi=40;33:so=01;35:do=01;35:bd=40;33;01:cd=40;33;01:or=40;31;01:mi=00:su=37;41:sg=30;43:ca=30;41:tw=30;42:ow=34;42:st=37;44:ex=01;32:*.tar=01;31:*.tgz=01;31:*.arc=01;31:*.arj=01;31:*.taz=01;31:*.lha=01;31:*.lz4=01;31:*.lzh=01;31:*.lzma=01;31:*.tlz=01;31:*.txz=01;31:*.tzo=01;31:*.t7z=01;31:*.zip=01;31:*.z=01;31:*.dz=01;31:*.gz=01;31:*.lrz=01;31:*.lz=01;31:*.lzo=01;31:*.xz=01;31:*.zst=01;31:*.tzst=01;31:*.bz2=01;31:*.bz=01;31:*.tbz=01;31:*.tbz2=01;31:*.tz=01;31:*.deb=01;31:*.rpm=01;31:*.jar=01;31:*.war=01;31:*.ear=01;31:*.sar=01;31:*.rar=01;31:*.alz=01;31:*.ace=01;31:*.zoo=01;31:*.cpio=01;31:*.7z=01;31:*.rz=01;31:*.cab=01;31:*.wim=01;31:*.swm=01;31:*.dwm=01;31:*.esd=01;31:*.jpg=01;35:*.jpeg=01;35:*.mjpg=01;35:*.mjpeg=01;35:*.gif=01;35:*.bmp=01;35:*.pbm=01;35:*.pgm=01;35:*.ppm=01;35:*.tga=01;35:*.xbm=01;35:*.xpm=01;35:*.tif=01;35:*.tiff=01;35:*.png=01;35:*.svg=01;35:*.svgz=01;35:*.mng=01;35:*.pcx=01;35:*.mov=01;35:*.mpg=01;35:*.mpeg=01;35:*.m2v=01;35:*.mkv=01;35:*.webm=01;35:*.webp=01;35:*.ogm=01;35:*.mp4=01;35:*.m4v=01;35:*.mp4v=01;35:*.vob=01;35:*.qt=01;35:*.nuv=01;35:*.wmv=01;35:*.asf=01;35:*.rm=01;35:*.rmvb=01;35:*.flc=01;35:*.avi=01;35:*.fli=01;35:*.flv=01;35:*.gl=01;35:*.dl=01;35:*.xcf=01;35:*.xwd=01;35:*.yuv=01;35:*.cgm=01;35:*.emf=01;35:*.ogv=01;35:*.ogx=01;35:*.aac=00;36:*.au=00;36:*.flac=00;36:*.m4a=00;36:*.mid=00;36:*.midi=00;36:*.mka=00;36:*.mp3=00;36:*.mpc=00;36:*.ogg=00;36:*.ra=00;36:*.wav=00;36:*.oga=00;36:*.opus=00;36:*.spx=00;36:*.xspf=00;36:'), ('AMENT_PREFIX_PATH', '/opt/ros/humble'), ('PWD', '/lab1_ws/src/build/lab1_pkg'), ('LC_ALL', 'C.UTF-8'), ('PYTHONPATH', '/opt/ros/humble/lib/python3.10/site-packages:/opt/ros/humble/local/lib/python3.10/dist-packages'), ('COLCON', '1')]), 'shell': False}
[0.199252] (-) TimerEvent: {}
[0.300537] (-) TimerEvent: {}
[0.402191] (-) TimerEvent: {}
[0.503132] (-) TimerEvent: {}
[0.604072] (-) TimerEvent: {}
[0.705071] (-) TimerEvent: {}
[0.805974] (-) TimerEvent: {}
[0.906696] (-) TimerEvent: {}
[1.007705] (-) TimerEvent: {}
[1.108745] (-) TimerEvent: {}
[1.209689] (-) TimerEvent: {}
[1.218180] (lab1_pkg) StdoutLine: {'line': b'-- The C compiler identification is GNU 11.4.0\n'}
[1.309961] (-) TimerEvent: {}
[1.410992] (-) TimerEvent: {}
[1.512216] (-) TimerEvent: {}
[1.613118] (-) TimerEvent: {}
[1.714078] (-) TimerEvent: {}
[1.785699] (lab1_pkg) StdoutLine: {'line': b'-- The CXX compiler identification is GNU 11.4.0\n'}
[1.814284] (-) TimerEvent: {}
[1.818245] (lab1_pkg) StdoutLine: {'line': b'-- Detecting C compiler ABI info\n'}
[1.914851] (-) TimerEvent: {}
[2.015722] (-) TimerEvent: {}
[2.116636] (-) TimerEvent: {}
[2.160217] (lab1_pkg) StdoutLine: {'line': b'-- Detecting C compiler ABI info - done\n'}
[2.170453] (lab1_pkg) StdoutLine: {'line': b'-- Check for working C compiler: /usr/bin/cc - skipped\n'}
[2.179174] (lab1_pkg) StdoutLine: {'line': b'-- Detecting C compile features\n'}
[2.180916] (lab1_pkg) StdoutLine: {'line': b'-- Detecting C compile features - done\n'}
[2.188469] (lab1_pkg) StdoutLine: {'line': b'-- Detecting CXX compiler ABI info\n'}
[2.216762] (-) TimerEvent: {}
[2.317630] (-) TimerEvent: {}
[2.332646] (lab1_pkg) StdoutLine: {'line': b'-- Detecting CXX compiler ABI info - done\n'}
[2.343834] (lab1_pkg) StdoutLine: {'line': b'-- Check for working CXX compiler: /usr/bin/c++ - skipped\n'}
[2.344797] (lab1_pkg) StdoutLine: {'line': b'-- Detecting CXX compile features\n'}
[2.345555] (lab1_pkg) StdoutLine: {'line': b'-- Detecting CXX compile features - done\n'}
[2.417824] (-) TimerEvent: {}
[2.436342] (lab1_pkg) StdoutLine: {'line': b'-- Found ament_cmake: 1.3.5 (/opt/ros/humble/share/ament_cmake/cmake)\n'}
[2.518082] (-) TimerEvent: {}
[2.619288] (-) TimerEvent: {}
[2.720240] (-) TimerEvent: {}
[2.777961] (lab1_pkg) StdoutLine: {'line': b'-- Found Python3: /usr/bin/python3.10 (found version "3.10.12") found components: Interpreter \n'}
[2.820516] (-) TimerEvent: {}
[2.921605] (-) TimerEvent: {}
[3.022509] (-) TimerEvent: {}
[3.083377] (lab1_pkg) StderrLine: {'line': b"Error parsing '/lab1_ws/src/lab1_pkg/package.xml':\n"}
[3.084775] (lab1_pkg) StderrLine: {'line': b'Traceback (most recent call last):\n'}
[3.085641] (lab1_pkg) StderrLine: {'line': b'  File "/usr/lib/python3/dist-packages/catkin_pkg/package.py", line 610, in parse_package_string\n'}
[3.093218] (lab1_pkg) StderrLine: {'line': b'    root = dom.parseString(data)\n'}
[3.094179] (lab1_pkg) StderrLine: {'line': b'  File "/usr/lib/python3.10/xml/dom/minidom.py", line 2000, in parseString\n'}
[3.105582] (lab1_pkg) StderrLine: {'line': b'    return expatbuilder.parseString(string)\n'}
[3.107294] (lab1_pkg) StderrLine: {'line': b'  File "/usr/lib/python3.10/xml/dom/expatbuilder.py", line 925, in parseString\n'}
[3.108588] (lab1_pkg) StderrLine: {'line': b'    return builder.parseString(string)\n'}
[3.109809] (lab1_pkg) StderrLine: {'line': b'  File "/usr/lib/python3.10/xml/dom/expatbuilder.py", line 223, in parseString\n'}
[3.110805] (lab1_pkg) StderrLine: {'line': b'    parser.Parse(string, True)\n'}
[3.111621] (lab1_pkg) StderrLine: {'line': b'xml.parsers.expat.ExpatError: mismatched tag: line 21, column 2\n'}
[3.112753] (lab1_pkg) StderrLine: {'line': b'\n'}
[3.114280] (lab1_pkg) StderrLine: {'line': b'During handling of the above exception, another exception occurred:\n'}
[3.115187] (lab1_pkg) StderrLine: {'line': b'\n'}
[3.115941] (lab1_pkg) StderrLine: {'line': b'Traceback (most recent call last):\n'}
[3.116594] (lab1_pkg) StderrLine: {'line': b'  File "/opt/ros/humble/share/ament_cmake_core/cmake/core/package_xml_2_cmake.py", line 150, in <module>\n'}
[3.117203] (lab1_pkg) StderrLine: {'line': b'    main()\n'}
[3.117829] (lab1_pkg) StderrLine: {'line': b'  File "/opt/ros/humble/share/ament_cmake_core/cmake/core/package_xml_2_cmake.py", line 53, in main\n'}
[3.118432] (lab1_pkg) StderrLine: {'line': b'    raise e\n'}
[3.119023] (lab1_pkg) StderrLine: {'line': b'  File "/opt/ros/humble/share/ament_cmake_core/cmake/core/package_xml_2_cmake.py", line 49, in main\n'}
[3.119673] (lab1_pkg) StderrLine: {'line': b'    package = parse_package_string(\n'}
[3.120475] (lab1_pkg) StderrLine: {'line': b'  File "/usr/lib/python3/dist-packages/catkin_pkg/package.py", line 612, in parse_package_string\n'}
[3.121795] (lab1_pkg) StderrLine: {'line': b"    raise InvalidPackage('The manifest contains invalid XML:\\n%s' % ex, filename)\n"}
[3.122625] (-) TimerEvent: {}
[3.123229] (lab1_pkg) StderrLine: {'line': b"catkin_pkg.package.InvalidPackage: Error(s) in package '/lab1_ws/src/lab1_pkg/package.xml':\n"}
[3.125178] (lab1_pkg) StderrLine: {'line': b'The manifest contains invalid XML:\n'}
[3.126505] (lab1_pkg) StderrLine: {'line': b'mismatched tag: line 21, column 2\n'}
[3.130717] (lab1_pkg) StderrLine: {'line': b'\x1b[31mCMake Error at /opt/ros/humble/share/ament_cmake_core/cmake/core/ament_package_xml.cmake:95 (message):\n'}
[3.131935] (lab1_pkg) StderrLine: {'line': b'  execute_process(/usr/bin/python3.10\n'}
[3.132972] (lab1_pkg) StderrLine: {'line': b'  /opt/ros/humble/share/ament_cmake_core/cmake/core/package_xml_2_cmake.py\n'}
[3.133832] (lab1_pkg) StderrLine: {'line': b'  /lab1_ws/src/lab1_pkg/package.xml\n'}
[3.134521] (lab1_pkg) StderrLine: {'line': b'  /lab1_ws/src/build/lab1_pkg/ament_cmake_core/package.cmake) returned error\n'}
[3.135704] (lab1_pkg) StderrLine: {'line': b'  code 1\n'}
[3.136370] (lab1_pkg) StderrLine: {'line': b'Call Stack (most recent call first):\n'}
[3.136981] (lab1_pkg) StderrLine: {'line': b'  /opt/ros/humble/share/ament_cmake_core/cmake/core/ament_package_xml.cmake:49 (_ament_package_xml)\n'}
[3.137681] (lab1_pkg) StderrLine: {'line': b'  /opt/ros/humble/share/ament_cmake_core/cmake/core/ament_package.cmake:63 (ament_package_xml)\n'}
[3.138720] (lab1_pkg) StderrLine: {'line': b'  CMakeLists.txt:17 (ament_package)\n'}
[3.139824] (lab1_pkg) StderrLine: {'line': b'\n'}
[3.140967] (lab1_pkg) StderrLine: {'line': b'\x1b[0m\n'}
[3.142445] (lab1_pkg) StdoutLine: {'line': b'-- Configuring incomplete, errors occurred!\n'}
[3.143584] (lab1_pkg) StdoutLine: {'line': b'See also "/lab1_ws/src/build/lab1_pkg/CMakeFiles/CMakeOutput.log".\n'}
[3.145478] (lab1_pkg) CommandEnded: {'returncode': 1}
[3.146931] (lab1_pkg) JobEnded: {'identifier': 'lab1_pkg', 'rc': 1}
[3.157967] (-) EventReactorShutdown: {}
