[0.145s] Invoking command in '/lab1_ws/src/build/lab1_pkg': /usr/bin/cmake /lab1_ws/src/lab1_pkg -DCMAKE_INSTALL_PREFIX=/lab1_ws/src/install/lab1_pkg
[1.217s] -- The C compiler identification is GNU 11.4.0
[1.786s] -- The CXX compiler identification is GNU 11.4.0
[1.817s] -- Detecting C compiler ABI info
[2.159s] -- Detecting C compiler ABI info - done
[2.170s] -- Check for working C compiler: /usr/bin/cc - skipped
[2.178s] -- Detecting C compile features
[2.180s] -- Detecting C compile features - done
[2.187s] -- Detecting CXX compiler ABI info
[2.332s] -- Detecting CXX compiler ABI info - done
[2.343s] -- Check for working CXX compiler: /usr/bin/c++ - skipped
[2.344s] -- Detecting CXX compile features
[2.344s] -- Detecting CXX compile features - done
[2.436s] -- Found ament_cmake: 1.3.5 (/opt/ros/humble/share/ament_cmake/cmake)
[2.778s] -- Found Python3: /usr/bin/python3.10 (found version "3.10.12") found components: Interpreter 
[3.083s] Error parsing '/lab1_ws/src/lab1_pkg/package.xml':
[3.084s] Traceback (most recent call last):
[3.085s]   File "/usr/lib/python3/dist-packages/catkin_pkg/package.py", line 610, in parse_package_string
[3.092s]     root = dom.parseString(data)
[3.093s]   File "/usr/lib/python3.10/xml/dom/minidom.py", line 2000, in parseString
[3.105s]     return expatbuilder.parseString(string)
[3.107s]   File "/usr/lib/python3.10/xml/dom/expatbuilder.py", line 925, in parseString
[3.108s]     return builder.parseString(string)
[3.109s]   File "/usr/lib/python3.10/xml/dom/expatbuilder.py", line 223, in parseString
[3.110s]     parser.Parse(string, True)
[3.111s] xml.parsers.expat.ExpatError: mismatched tag: line 21, column 2
[3.112s] 
[3.113s] During handling of the above exception, another exception occurred:
[3.114s] 
[3.115s] Traceback (most recent call last):
[3.116s]   File "/opt/ros/humble/share/ament_cmake_core/cmake/core/package_xml_2_cmake.py", line 150, in <module>
[3.116s]     main()
[3.117s]   File "/opt/ros/humble/share/ament_cmake_core/cmake/core/package_xml_2_cmake.py", line 53, in main
[3.117s]     raise e
[3.118s]   File "/opt/ros/humble/share/ament_cmake_core/cmake/core/package_xml_2_cmake.py", line 49, in main
[3.119s]     package = parse_package_string(
[3.120s]   File "/usr/lib/python3/dist-packages/catkin_pkg/package.py", line 612, in parse_package_string
[3.121s]     raise InvalidPackage('The manifest contains invalid XML:\n%s' % ex, filename)
[3.123s] catkin_pkg.package.InvalidPackage: Error(s) in package '/lab1_ws/src/lab1_pkg/package.xml':
[3.125s] The manifest contains invalid XML:
[3.126s] mismatched tag: line 21, column 2
[3.130s] [31mCMake Error at /opt/ros/humble/share/ament_cmake_core/cmake/core/ament_package_xml.cmake:95 (message):
[3.131s]   execute_process(/usr/bin/python3.10
[3.132s]   /opt/ros/humble/share/ament_cmake_core/cmake/core/package_xml_2_cmake.py
[3.133s]   /lab1_ws/src/lab1_pkg/package.xml
[3.134s]   /lab1_ws/src/build/lab1_pkg/ament_cmake_core/package.cmake) returned error
[3.135s]   code 1
[3.135s] Call Stack (most recent call first):
[3.136s]   /opt/ros/humble/share/ament_cmake_core/cmake/core/ament_package_xml.cmake:49 (_ament_package_xml)
[3.137s]   /opt/ros/humble/share/ament_cmake_core/cmake/core/ament_package.cmake:63 (ament_package_xml)
[3.138s]   CMakeLists.txt:17 (ament_package)
[3.139s] 
[3.140s] [0m
[3.142s] -- Configuring incomplete, errors occurred!
[3.143s] See also "/lab1_ws/src/build/lab1_pkg/CMakeFiles/CMakeOutput.log".
[3.145s] Invoked command in '/lab1_ws/src/build/lab1_pkg' returned '1': /usr/bin/cmake /lab1_ws/src/lab1_pkg -DCMAKE_INSTALL_PREFIX=/lab1_ws/src/install/lab1_pkg
